"""Importing module add_integer"""
>>> add_integer = __import__('0-add_integer').add_integer

# test to check numbers integerss

>>> add_integer(2, 5)
7

>>> add_integer(130, -6)
124

>>> add_integer(1)
125

>>> add_integer(96.5, -4)
92

# test to check if no integers

>>> add_integer("Hello", 2)
Traceback (most recent call last):
TypeError: a must be an integer

>>> add_integer(4, {1, 2})
Traceback (most recent call last):
TypeError: b must be an integer

>>> add_integer(None)
Traceback (most recent call last):
TypeError: a must be an integer

>>> add_integer()
Traceback (most recent call last):
TypeError: add_integer() missing 1 required positional argument: 'a'

>>> add_integer(float("inf"), 3)
Traceback (most recent call last):
...
OverflowError: cannot convert float infinity to integer

>>> add_integer(float('NaN'), 0)
Traceback (most recent call last):
...
ValueError: cannot convert float NaN to integer
